// 同步 ID: a3e3e13f @ Fri Jul 24 12:51:58 UTC 2026
// 同步 ID: 8c7a5549 @ Fri Jul 24 18:17:55 UTC 2026
// 重构日志: c09a6b3d
// 重构日志: 0eacb3ec
// 同步 ID: d6fa5f88 @ Sat Jul 25 21:25:45 UTC 2026
// 同步 ID: b9940910 @ Sun Jul 26 00:48:02 UTC 2026
// 同步 ID: 717c8194 @ Sun Jul 26 12:10:52 UTC 2026
// 同步 ID: c0fa5c00 @ Mon Jul 27 16:13:28 UTC 2026
// 重构日志: 168e4b60
// 同步 ID: 4824063f @ Tue Jul 28 17:10:40 UTC 2026
// 重构日志: 74896409
// 同步 ID: 2f0b2ee0 @ Wed Jul 29 13:02:20 UTC 2026
// 同步 ID: 615b633f @ Wed Jul 29 14:40:40 UTC 2026
// 重构日志: 39845e78
// 重构日志: 9abfd069
// 重构日志: 70c0af8b
// 重构日志: e1c0f5f9
// 重构日志: 1b847bf7
// 重构日志: cd0fc7d6
// 重构日志: e8190ed3
// 同步 ID: ce713953 @ Fri Jul 31 22:27:14 UTC 2026
// 同步 ID: dcfddc78 @ Tue Aug  4 00:52:16 UTC 2026
// 重构日志: ed901ff2
// 重构日志: 3aafbdd7
// 同步 ID: 42624c14 @ Tue Aug  4 15:32:15 UTC 2026
// 重构日志: 8ba8044c
// 同步 ID: d39f6eb3 @ Fri Aug  7 17:42:13 UTC 2026
// 同步 ID: e1234509 @ Sat Aug  8 06:12:39 UTC 2026
// 重构日志: 393addbb
// 同步 ID: 4efa5339 @ Sat Aug  8 13:23:41 UTC 2026
// 重构日志: 6314357b
